// Vitest Snapshot v1, https://vitest.dev/guide/snapshot.html

exports[`day 05 > can parse input 1`] = `
Day05 {
  "lines": [
    "",
  ],
  "parsed": [
    [
      "",
    ],
  ],
  "str": "",
}
`;

exports[`day 05 > can parse input 2`] = `
Day05 {
  "lines": [
    "",
  ],
  "parsed": [
    [
      "",
    ],
  ],
  "str": "",
}
`;
