// Vitest Snapshot v1, https://vitest.dev/guide/snapshot.html

exports[`day 05 > Almanac 2 parse 1`] = `
[
  [
    79,
    14,
  ],
  [
    55,
    13,
  ],
]
`;

exports[`day 05 > can sort maps 1`] = `
[
  {
    "outRanges": [
      [
        52,
        50,
        48,
      ],
    ],
    "seed": [
      79,
      14,
    ],
  },
  {
    "outRanges": [
      [
        79,
        79,
        14,
      ],
    ],
    "seed": [
      79,
      14,
    ],
  },
  {
    "outRanges": [
      [
        79,
        79,
        14,
      ],
    ],
    "seed": [
      79,
      14,
    ],
  },
  {
    "outRanges": [
      [
        18,
        25,
        70,
      ],
    ],
    "seed": [
      79,
      14,
    ],
  },
  {
    "outRanges": [
      [
        45,
        77,
        23,
      ],
    ],
    "seed": [
      79,
      14,
    ],
  },
  {
    "outRanges": [
      [
        79,
        79,
        14,
      ],
    ],
    "seed": [
      79,
      14,
    ],
  },
  {
    "outRanges": [
      [
        60,
        56,
        37,
      ],
      [
        56,
        93,
        4,
      ],
    ],
    "seed": [
      79,
      14,
    ],
  },
  {
    "outRanges": [
      [
        52,
        50,
        48,
      ],
    ],
    "seed": [
      55,
      13,
    ],
  },
  {
    "outRanges": [
      [
        55,
        55,
        13,
      ],
    ],
    "seed": [
      55,
      13,
    ],
  },
  {
    "outRanges": [
      [
        49,
        53,
        8,
      ],
      [
        61,
        61,
        7,
      ],
    ],
    "seed": [
      55,
      13,
    ],
  },
  {
    "outRanges": [
      [
        18,
        25,
        70,
      ],
    ],
    "seed": [
      55,
      13,
    ],
  },
  {
    "outRanges": [
      [
        81,
        45,
        19,
      ],
      [
        68,
        64,
        13,
      ],
    ],
    "seed": [
      55,
      13,
    ],
  },
  {
    "outRanges": [
      [
        1,
        0,
        69,
      ],
    ],
    "seed": [
      55,
      13,
    ],
  },
  {
    "outRanges": [
      [
        55,
        55,
        1,
      ],
      [
        60,
        56,
        37,
      ],
    ],
    "seed": [
      55,
      13,
    ],
  },
]
`;

exports[`day 05 > expand seed touples 1`] = `
[
  79,
  80,
  81,
  82,
  83,
  84,
  85,
  86,
  87,
  88,
  89,
  90,
  91,
  92,
  55,
  56,
  57,
  58,
  59,
  60,
  61,
  62,
  63,
  64,
  65,
  66,
  67,
]
`;
