// Vitest Snapshot v1, https://vitest.dev/guide/snapshot.html

exports[`day 06 > answer p2 1`] = `
[
  {
    "distance": "302147610291404",
    "time": "54946592",
  },
]
`;

exports[`day 06 > can get winning 1`] = `
[
  4,
  8,
  9,
]
`;

exports[`day 06 > can parse input 1`] = `
"0 7 9
1 15 40
2 30 200"
`;

exports[`day 06 > can parse input 2`] = `
"0 54 302
1 94 1476
2 65 1029
3 92 1404"
`;
